// Vitest Snapshot v1, https://vitest.dev/guide/snapshot.html

exports[`generates a dynamic module list for JavaScript 1`] = `
"// File automatically generated by \`vite-plugin-module-list\`
export default [
  { path: "lib/a", module: () => import("./lib/a") },
  { path: "lib/b", module: () => import("./lib/b") },
  { path: "lib/c", module: () => import("./lib/c") },
  { path: "lib/d/1", module: () => import("./lib/d/1") },
  { path: "lib/d/2", module: () => import("./lib/d/2") },
  { path: "lib/d/3", module: () => import("./lib/d/3") }
];
"
`;

exports[`generates a dynamic module list for TypeScript 1`] = `
"// File automatically generated by \`vite-plugin-module-list\`
export default [
  { path: "lib/a.js", module: () => import("./lib/a.js") },
  { path: "lib/b.js", module: () => import("./lib/b.js") },
  { path: "lib/c.js", module: () => import("./lib/c.js") },
  { path: "lib/d/1.js", module: () => import("./lib/d/1.js") },
  { path: "lib/d/2.js", module: () => import("./lib/d/2.js") },
  { path: "lib/d/3.js", module: () => import("./lib/d/3.js") }
];
"
`;

exports[`generates a module list for JavaScript 1`] = `
"// File automatically generated by \`vite-plugin-module-list\`
export { a } from "./lib/a.js"
export { b } from "./lib/b.js"
export { c } from "./lib/c.js"
export { 1 } from "./lib/d/1.js"
export { 2 } from "./lib/d/2.js"
export { 3 } from "./lib/d/3.js"
"
`;

exports[`generates a module list for TypeScript 1`] = `
"// File automatically generated by \`vite-plugin-module-list\`
export { a } from "./lib/a.ts"
export { b } from "./lib/b.ts"
export { c } from "./lib/c.ts"
export { 1 } from "./lib/d/1.ts"
export { 2 } from "./lib/d/2.ts"
export { 3 } from "./lib/d/3.ts"
"
`;

exports[`generates a types module list for TypeScript 1`] = `
"// File automatically generated by \`vite-plugin-module-list\`
export type { a } from "./lib/a.ts"
export type { b } from "./lib/b.ts"
export type { c } from "./lib/c.ts"
export type { 1 } from "./lib/d/1.ts"
export type { 2 } from "./lib/d/2.ts"
export type { 3 } from "./lib/d/3.ts"
"
`;
